[www.eau.ac.ae/en.html]
[backblue.gif]
[fade.gif]
[index.html]
[www.eau.ac.ae/Assets/images/logo.svg]
[www.eau.ac.ae/Assets/vendor/Swiper-3.4.1/dist/css/swiper.min.css]
[www.eau.ac.ae/Assets/vendor/intlTelInput/intlTelInput.css]
[www.eau.ac.ae/Assets/css/stylee2eb.css]
[www.eau.ac.ae/Assets/css/overridee2eb.css]
[ajax.googleapis.com/ajax/libs/jquery/1.12.4/jquery.min.js]
[cdn.jsdelivr.net/jquery.validation/1.16.0/jquery.validate.js]
[cdn.jsdelivr.net/jquery.validation/1.16.0/additional-methods.js]
[cdnjs.cloudflare.com/ajax/libs/jquery-validation-unobtrusive/3.2.6/jquery.validate.unobtrusive.min.js]
[www.eau.ac.ae/Assets/images/favicons/apple-touch-icon.png]
[www.eau.ac.ae/Assets/images/favicons/favicon-32x32.png]
[www.eau.ac.ae/Assets/images/favicons/favicon-16x16.png]
[www.eau.ac.ae/Assets/images/favicons/manifest.json]
[www.eau.ac.ae/Assets/images/favicons/safari-pinned-tab.svg]
[www.eau.ac.ae/Assets/scripts/AppDynamics.js]
[cdn.appdynamics.com/adrum/adrum-20.5.0.3144.js]
[www.eau.ac.ae/Assets/images/icons/close-white.svg]
[www.eau.ac.ae/Assets/images/icons/search.svg]
[www.eau.ac.ae/Assets/images/icons/avatar.svg]
[www.eau.ac.ae/en/schools-and-departments/index.html]
[www.eau.ac.ae/Assets/images/logo-qs.svg]
[www.eau.ac.ae/en/learning-development-centre/index.html]
[www.eau.ac.ae/en/careers/index.html]
[www.eau.ac.ae/Assets/images/icons/close.svg]
[www.eau.ac.ae/en/contact-us/index.html]
[www.eau.ac.ae/en/about/index.html]
[www.eau.ac.ae/media/1312/final128fb5.jpg]
[www.eau.ac.ae/en/about/overview/index.html]
[www.eau.ac.ae/en/about/foreword/index.html]
[www.eau.ac.ae/Assets/images/icons/arrow-circle-left.svg]
[www.eau.ac.ae/en/faculty-profile/index.html]
[www.eau.ac.ae/Assets/images/icons/arrow-circle-right.svg]
[www.eau.ac.ae/en/about/strategic-plan/index.html]
[www.eau.ac.ae/en/about/management-2020/index.html]
[www.eau.ac.ae/media/1546/interiord816.jpg]
[www.eau.ac.ae/en/about/qs-rating/index.html]
[www.eau.ac.ae/en/about/qaa-accreditation/index.html]
[www.eau.ac.ae/Assets/images/icons/arrow-right.svg]
[www.eau.ac.ae/en/about/accreditation-licensure/index.html]
[www.eau.ac.ae/en/about/organisational-structure/index.html]
[www.eau.ac.ae/media/1492/wrcaef8.jpg]
[www.eau.ac.ae/en/about/organisational-performance-quality-assurance-unit/index.html]
[www.eau.ac.ae/en/about/environmental-impact/index.html]
[www.eau.ac.ae/en/about/faqs/index.html]
[www.eau.ac.ae/media/1440/039a47847720.jpg]
[www.eau.ac.ae/en/about/fast-facts/index.html]
[www.eau.ac.ae/en/programmes/index.html]
[www.eau.ac.ae/media/1429/covid19_171a4.jpg]
[www.eau.ac.ae/en/admissions/index.html]
[www.eau.ac.ae/media/1416/screen-shot-2021-05-27-at-83723-ame427.png]
[www.eau.ac.ae/en/application-forms/application-selection/index.html]
[www.eau.ac.ae/en/admissions/admissions-guide/index.html]
[www.eau.ac.ae/en/admissions/admissions-requirements/index.html]
[www.eau.ac.ae/en/admissions/fees-payments/index.html]
[www.eau.ac.ae/Assets/images/icons/map-pointer.svg]
[www.eau.ac.ae/en/admissions/scholarships-financial-aids/index.html]
[www.eau.ac.ae/en/admissions/visa-formalities/index.html]
[www.eau.ac.ae/media/1128/open-day-nov6de0.jpg]
[www.eau.ac.ae/en/admissions/virtual-consultation/index.html]
[www.eau.ac.ae/en/admissions/academic-calendar/index.html]
[www.eau.ac.ae/media/1129/open-day-august1c36.jpg]
[www.eau.ac.ae/en/campus/index.html]
[www.eau.ac.ae/media/1260/student-life957e.jpg]
[www.eau.ac.ae/en/campus/living-in-dubai/index.html]
[www.eau.ac.ae/en/campus/student-accommodation/index.html]
[www.eau.ac.ae/media/1484/eau-math-competition-18f38.png]
[www.eau.ac.ae/en/students/index.html]
[www.eau.ac.ae/en/campus/campus-facilities/index.html]
[www.eau.ac.ae/en/students/student-life/index.html]
[www.eau.ac.ae/en/students/student-council/index.html]
[www.eau.ac.ae/en/students/student-services/index.html]
[www.eau.ac.ae/en/students/internship-with-the-emirates-group/index.html]
[www.eau.ac.ae/en/students/students-handbooks/index.html]
[www.eau.ac.ae/en/students/eau-camps/index.html]
[www.eau.ac.ae/en/conferences/index.html]
[www.eau.ac.ae/media/1243/main-entrance_9693da06.jpg]
[www.eau.ac.ae/en/conferences/the-4th-international-aviation-management-conference-iamc/index.html]
[www.eau.ac.ae/en/conferences/conference-committees/index.html]
[www.eau.ac.ae/media/1326/eau-cs1-clean-backgrounde5f4.jpg]
[www.eau.ac.ae/en/conferences/iamc-starter-pack/index.html]
[www.eau.ac.ae/en/conferences/call-for-papers/index.html]
[www.eau.ac.ae/en/conferences/keynote-speakers/index.html]
[www.eau.ac.ae/media/1500/event7e06.jpg]
[www.eau.ac.ae/en/conferences/presenting-authors/index.html]
[www.eau.ac.ae/en/conferences/programme/index.html]
[www.eau.ac.ae/en/conferences/conference-registration/index.html]
[www.eau.ac.ae/media/1517/microsoftteams-image-1665e3.png]
[www.eau.ac.ae/en/conferences/previous-iamc-proceedings/index.html]
[www.eau.ac.ae/media/1552/image-003933b.jpg]
[www.eau.ac.ae/en/conferences/sponsors/index.html]
[www.eau.ac.ae/en/conferences/dubai-accommodation/index.html]
[www.eau.ac.ae/en/news-listing/2022/emirates-aviation-university-becomes-latest-university-to-achieve-global-quality-accreditation/index.html]
[5p4rk13.com/LiveFeed/11496/loaderscript.js]
[www.eau.ac.ae/en/news-listing/2022/emirates-aviation-university-holds-5th-annual-water-rocket-competition-in-collaboration-with-boeing/index.html]
[www.eau.ac.ae/en/news-listing/2021/mou-with-the-uae-ministry-of-presidential-affairs/index.html]
[www.eau.ac.ae/en/news-listing/2021/covid-19-update/index.html]
[www.eau.ac.ae/Assets/images/icons/arrow-top.svg]
[www.eau.ac.ae/en/news-listing/2021/emirates-aviation-university-holds-virtual-ceremony-for-its-600-graduates/index.html]
[www.eau.ac.ae/Assets/images/icons/facebook.svg]
[www.eau.ac.ae/en/news-listing/index.html]
[www.eau.ac.ae/en/events/2022/student-centered-learning-teaching-and-assessment-seminar/index.html]
[www.eau.ac.ae/Assets/images/icons/twitter.svg]
[www.eau.ac.ae/en/events/2022/diversity-equality-in-the-learning-environment-and-workplace/index.html]
[www.eau.ac.ae/en/events/2022/international-students-webinar/index.html]
[www.eau.ac.ae/Assets/images/icons/instagram.svg]
[www.eau.ac.ae/en/events/2022/eau-maths-competition-2022/index.html]
[www.eau.ac.ae/en/events/2022/campus-tour/index.html]
[www.eau.ac.ae/Assets/images/icons/linkedin.svg]
[www.eau.ac.ae/en/events/2022/virtual-one-to-one-consultation/index.html]
[www.eau.ac.ae/en/events/2022/engineering-summer-camp/index.html]
[www.eau.ac.ae/Assets/images/icons/youtube.svg]
[www.eau.ac.ae/en/events/2022/data-science-summer-camp-2022/index.html]
[www.eau.ac.ae/en/events/2022/open-day/index.html]
[www.eau.ac.ae/Assets/scripts/bootstrap/bootstrap.min.js]
[www.eau.ac.ae/en/events/index.html]
[www.eau.ac.ae/en/privacy-policy/index.html]
[www.eau.ac.ae/en/terms-conditions/index.html]
[www.eau.ac.ae/Assets/vendor/Swiper-3.4.1/dist/js/swiper.min.js]
[www.eau.ac.ae/en/finance-tcs/index.html]
[www.eau.ac.ae/Assets/vendor/dotdotdot/jquery.dotdotdot.min.js]
[www.eau.ac.ae/en/sitemap/index.html]
[www.eau.ac.ae/Assets/scripts/map.js]
[www.eau.ac.ae/Assets/scripts/handlebars.min.js]
[www.eau.ac.ae/Assets/vendor/intlTelInput/intlTelInput.js]
[www.eau.ac.ae/Assets/vendor/jquerymask/jquery.mask.min.js]
[www.eau.ac.ae/Assets/vendor/fastclick/fastclick.js]
[www.eau.ac.ae/Assets/scripts/maine2eb.js]
[www.eau.ac.ae/Assets/scripts/Datalayer.js]
[www.eau.ac.ae/en.html]
[www.eau.ac.ae/Assets/images/logo.svg]
[www.googletagmanager.com/gtm5445.html]
[www.eau.ac.ae/Assets/vendor/Swiper-3.4.1/dist/css/swiper.min.css]
[www.eau.ac.ae/Assets/scripts/appe2eb.js]
[www.eau.ac.ae/Assets/vendor/intlTelInput/intlTelInput.css]
[www.eau.ac.ae/Assets/fonts/NOBK____.eot]
[www.eau.ac.ae/Assets/fonts/NOBK____.woff]
[www.eau.ac.ae/Assets/fonts/NOBK____.ttf]
[www.eau.ac.ae/Assets/fonts/NOBK____.svg]
[www.eau.ac.ae/Assets/fonts/NOR_____.eot]
[www.eau.ac.ae/Assets/fonts/NOR_____.woff]
[www.eau.ac.ae/Assets/fonts/NOR_____.ttf]
[www.eau.ac.ae/Assets/fonts/NOR_____.svg]
[www.eau.ac.ae/Assets/fonts/NOLT____.eot]
[www.eau.ac.ae/Assets/fonts/NOLT____.woff]
[www.eau.ac.ae/Assets/fonts/NOLT____.ttf]
[www.eau.ac.ae/Assets/fonts/NOLT____.svg]
[www.eau.ac.ae/Assets/images/icons/bullet.svg]
[www.eau.ac.ae/Assets/images/icons/arrow-right-white.svg]
[www.eau.ac.ae/Assets/images/icons/arrow-angle-right.svg]
[www.eau.ac.ae/Assets/images/icons/arrow-angle-right-red.svg]
[www.eau.ac.ae/Assets/images/icons/select-dark-bg.png]
[www.eau.ac.ae/Assets/images/icons/select-hover-bg2.png]
[www.eau.ac.ae/Assets/images/icons/checkbox.svg]
[www.eau.ac.ae/Assets/images/icons/checkbox-checked.svg]
[www.eau.ac.ae/Assets/images/icons/arrow-angle-right-dark.svg]
[www.eau.ac.ae/Assets/images/icons/burger-red.svg]
[www.eau.ac.ae/Assets/images/icons/plus.svg]
[www.eau.ac.ae/Assets/images/icons/minus.svg]
[www.eau.ac.ae/Assets/images/icons/burger.svg]
[www.eau.ac.ae/Assets/images/icons/arrow-angle-white.svg]
[www.eau.ac.ae/Assets/images/icons/breadcrumbs-arrow.svg]
[www.eau.ac.ae/Assets/images/icons/breadcrumbs-arrow_1.svg]
[www.eau.ac.ae/Assets/images/icons/marker-outline.svg]
[www.eau.ac.ae/Assets/images/icons/direction.svg]
[www.eau.ac.ae/Assets/images/icons/call.svg]
[www.eau.ac.ae/Assets/images/icons/email.svg]
[www.eau.ac.ae/Assets/images/icons/clock.svg]
[www.eau.ac.ae/Assets/images/icons/circle-border.svg]
[www.eau.ac.ae/Assets/images/icons/circle-red.svg]
[www.eau.ac.ae/Assets/images/icons/circle.svg]
[www.eau.ac.ae/Assets/images/icons/add.svg]
[cdnjs.cloudflare.com/ajax/libs/intl-tel-input/11.0.12/img/flags.png]
[www.eau.ac.ae/Assets/css/stylee2eb.css]
[cdnjs.cloudflare.com/ajax/libs/intl-tel-input/11.0.12/img/flags@2x.png]
[www.eau.ac.ae/Assets/images/icons/chevron-right-red.svg]
[www.eau.ac.ae/Assets/css/overridee2eb.css]
[www.eau.ac.ae/Assets/images/favicons/safari-pinned-tab.svg]
[www.eau.ac.ae/ak.html]
[www.eau.ac.ae/ak-2.html]
[www.eau.ac.ae/Assets/images/icons/close-white.svg]
[www.eau.ac.ae/Assets/images/icons/search.svg]
[www.eau.ac.ae/Assets/images/icons/home.svg]
[www.eau.ac.ae/media/1106/applied-bachelor-in-business-with-hr64ed.jpg]
[www.eau.ac.ae/en/index.html]
[www.eau.ac.ae/en/schools-and-departments/school-of-business-management/index.html]
[www.eau.ac.ae/media/1019/eau-day-3-24-03-20152219-copy3a5f.jpg]
[www.eau.ac.ae/media/1024/school-of-engineering-banner7b56.jpg]
[www.eau.ac.ae/en/schools-and-departments/school-of-engineering-1/index.html]
[www.eau.ac.ae/media/1025/school-of-maths-banner30ff.jpg]
[www.eau.ac.ae/en/schools-and-departments/school-of-mathematics-data-science/index.html]
[www.eau.ac.ae/media/1023/professional-training-bannera80b.jpg]
[www.eau.ac.ae/en/schools-and-departments/index.html]
[www.eau.ac.ae/en/schools-and-departments/professional-training/index.html]
[www.eau.ac.ae/media/1042/careers8038.jpg]
[www.eau.ac.ae/media/1013/prospectus1812.jpg]
[www.eau.ac.ae/en/learning-development-centre/overview/index.html]
[www.eau.ac.ae/media/1010/fees0a91.jpg]
[www.eau.ac.ae/en/learning-development-centre/maths-support/index.html]
[www.eau.ac.ae/media/1160/air-transport-management-part-timed4fb.jpg]
[www.eau.ac.ae/en/learning-development-centre/index.html]
[www.eau.ac.ae/Assets/images/icons/avatar.svg]
[www.eau.ac.ae/en/alumni/index.html]
[www.eau.ac.ae/en/learning-development-centre/academic-support/index.html]
[www.eau.ac.ae/en/alumni/eau-alumni-association/index.html]
[www.eau.ac.ae/media/1020/careers-banner9889.jpg]
[www.eau.ac.ae/en/careers/index.html]
[www.eau.ac.ae/en/staff-directory/index.html]
[www.eau.ac.ae/en/institute-of-applied-research-technology/index.html]
[www.eau.ac.ae/en/job-positions/research-fellowassistant-professor-in-data-science/index.html]
[www.eau.ac.ae/en/job-positions/research-fellowassistant-professor-in-disease-modelling/index.html]
[www.eau.ac.ae/en/job-positions/assistant-associate-professors-in-human-resource-management/index.html]
[www.eau.ac.ae/en/contact-us/index.html]
[www.eau.ac.ae/Assets/images/logo-qs.svg]
[www.eau.ac.ae/en/job-positions/assistantassociate-professor-in-flight-vehicle-/index.html]
[www.eau.ac.ae/Assets/images/icons/close.svg]
[www.eau.ac.ae/en/job-positions/assistantassociate-professor-in-mathematics/index.html]
[www.eau.ac.ae/en/job-positions/assistantassociate-professor-in-artificial-intelligence/index.html]
[www.eau.ac.ae/en/job-positions/full-time-faculty-aviation-management-business-management/index.html]
[www.eau.ac.ae/media/1017/about-banner2f97.jpg]
[www.eau.ac.ae/media/1007/why-eau52eb.jpg]
[www.eau.ac.ae/media/1365/eau-exterior3eaa.jpg]
[www.eau.ac.ae/media/1036/leadership-bannerd269.jpg]
[www.eau.ac.ae/media/1031/managementc71b.jpg]
[www.eau.ac.ae/media/1363/visiting-eau84c6.jpg]
[www.eau.ac.ae/media/1030/accreditationc6b7.jpg]
[www.eau.ac.ae/media/1532/qaaee89.jpg]
[www.eau.ac.ae/media/1364/eau-exterior-23d83.jpg]
[www.eau.ac.ae/media/1042/careers9552.jpg]
[www.eau.ac.ae/media/1366/25122_screen-r_jpeg690b.jpg]
[www.eau.ac.ae/media/1063/7b4e8.jpg]
[www.eau.ac.ae/media/1008/admissions-hero1a4e.jpg]
[www.eau.ac.ae/en/about/index.html]
[www.eau.ac.ae/media/1007/why-eau67b6.jpg]
[www.eau.ac.ae/media/1358/eu-infographics_nologo-page-001.jpg]
[www.eau.ac.ae/media/1359/eu-infographics_nologo-page-002.jpg]
[www.eau.ac.ae/en/about/overview/index.html]
[www.eau.ac.ae/media/1365/eau-exterior909c.jpg]
[www.eau.ac.ae/media/1282/hh-sheikh-ahmed-bin-saeed-al-maktoum5931.jpg]
[www.eau.ac.ae/media/1286/ahmad-al-ali5146.jpg]
[www.eau.ac.ae/en/about/foreword/index.html]
[www.eau.ac.ae/media/1036/leadership-banner4ae5.jpg]
[www.eau.ac.ae/media/1282/hh-sheikh-ahmed-bin-saeed-al-maktoum.jpg]
[www.eau.ac.ae/media/1426/img_2814.jpg]
[www.eau.ac.ae/media/1494/steve-allen-1.jpg]
[www.eau.ac.ae/media/1663/amira.jpg]
[www.eau.ac.ae/media/1428/dr_david_pilsbury.jpg]
[www.eau.ac.ae/media/1279/ahmed-safa.jpg]
[www.eau.ac.ae/media/1280/dr-amer-sharif-2.jpg]
[www.eau.ac.ae/media/1284/rick-ward.jpg]
[www.eau.ac.ae/en/about/management-2020/index.html]
[www.eau.ac.ae/Assets/images/logo-qs2.svg]
[www.eau.ac.ae/media/1106/applied-bachelor-in-business-with-hr012a.jpg]
[www.eau.ac.ae/media/1076/undergraduate0f1a.jpg]
[www.eau.ac.ae/media/1250/pgb4c2.jpg]
[www.eau.ac.ae/en/faculty-profile/index.html]
[www.eau.ac.ae/media/1363/visiting-eau1b73.jpg]
[www.eau.ac.ae/en/about/strategic-plan/index.html]
[www.eau.ac.ae/media/1030/accreditation5f66.jpg]
[www.eau.ac.ae/en/about/accreditation-licensure/index.html]
[www.eau.ac.ae/media/1319/uni-overall-5star-cropped-from-the-leftcd95.jpg]
[www.eau.ac.ae/media/1367/qs-websiteef4f.jpg]
[www.eau.ac.ae/en/about/qs-rating/index.html]
[www.eau.ac.ae/media/1546/interiore2f4.jpg]
[www.eau.ac.ae/media/1537/12c8c6.jpg]
[www.eau.ac.ae/media/1580/eau_qaa_action-plan_070922.pdf]
[www.eau.ac.ae/en/about/qaa-accreditation/index.html]
[www.eau.ac.ae/media/1586/eau-org-structure-final-07-12-21-published-in-the-website-061022.jpg]
[www.eau.ac.ae/en/about/organisational-structure/index.html]
[www.eau.ac.ae/media/1043/it-support9f25.jpg]
[www.eau.ac.ae/media/1464/quality-assurance-policy-website-version-v2.pdf]
[www.eau.ac.ae/en/about/organisational-performance-quality-assurance-unit/index.html]
[www.eau.ac.ae/media/1366/25122_screen-r_jpeg904f.jpg]
[www.eau.ac.ae/en/about/environmental-impact/index.html]
[www.eau.ac.ae/media/1065/carousel-362e5.jpg]
[www.eau.ac.ae/media/1583/eau-fast-fact-ay-21-22-v2.jpg]
[www.eau.ac.ae/en/about/fast-facts/index.html]
[www.eau.ac.ae/media/1008/admissions-hero6386.jpg]
[www.eau.ac.ae/en/about/faqs/index.html]
[www.eau.ac.ae/en/programmes/index.html]
[www.eau.ac.ae/en/programmes/postgraduate/index.html]
[www.eau.ac.ae/en/programmes/undergraduate/index.html]
[www.eau.ac.ae/en/programmes/degree-programmes-dual-award/index.html]
[www.eau.ac.ae/en/application-forms/postgraduate-form/index.html]
[www.eau.ac.ae/en/programmes/interactive-online-programmes/index.html]
[www.eau.ac.ae/en/programmes/foundation/index.html]
